// Jest Snapshot v1, https://goo.gl/fbAQLP

exports[`Home Snapshot Home matches DOM snapshot 1`] = `
<div>
  <h2>
    Welcome to our page!
  </h2>
  <p>
    Lorem ipsum dolor sit amet consectetur, adipisicing elit. Ullam quam laboriosam mollitia porro, est illo aspernatur vel tenetur saepe enim dolores ducimus fugiat eveniet dicta explicabo! Dolores perferendis tempora quaerat!
  </p>
  <p>
    Lorem ipsum dolor sit amet consectetur, adipisicing elit. Ullam quam laboriosam mollitia porro, est illo aspernatur vel tenetur saepe enim dolores ducimus fugiat eveniet dicta explicabo! Dolores perferendis tempora quaerat!
  </p>
</div>
`;
